This plugin does not support propagateSizeHints()
QBasicTimer::stop: Failed. Possibly trying to stop from a different thread
QBasicTimer::stop: Failed. Possibly trying to stop from a different thread
This plugin does not support propagateSizeHints()
This plugin does not support propagateSizeHints()
This plugin does not support propagateSizeHints()
This plugin does not support propagateSizeHints()
This plugin does not support propagateSizeHints()
This plugin does not support propagateSizeHints()
This plugin does not support propagateSizeHints()
This plugin does not support propagateSizeHints()
This plugin does not support propagateSizeHints()
  scale 1.25: window 1000x628  grab 1250x785  min-height 628
=== 1. contrast ===
--- contrast (WCAG AA: 4.5 normal text, 3.0 large/disabled) ---
  OK    6.48 (min 4.5)  dark muted text / panel
  OK   14.27 (min 4.5)  dark normal text / panel
  OK    4.94 (min 4.5)  dark empty state / panel
  OK    4.10 (min 3.0)  dark disabled text / input
  OK    5.91 (min 4.5)  dark danger text / panel
  OK    9.81 (min 4.5)  dark warning text / panel
  OK    4.50 (min 4.5)  dark white on filled button
  OK    4.76 (min 4.5)  light muted text / panel
  OK   14.56 (min 4.5)  light normal text / panel
  OK    4.71 (min 4.5)  light empty state / panel
  OK    3.56 (min 3.0)  light disabled text / input
  OK    6.02 (min 4.5)  light danger text / panel
  OK    4.50 (min 4.5)  light white on filled button
  accent presets with white text:
    OK    4.50  #35a06a -> #2d8659
    OK    4.62  #3b82f6 -> #3472d8
    OK    4.57  #a855f7 -> #9b4ee3
    OK    4.55  #e0703a -> #b85c30
    OK    4.56  #e05a5a -> #c54f4f
    OK    4.57  #14b8a6 -> #0e8478
    OK    4.52  #ec4899 -> #cd3f85
    OK    4.52  #f59e0b -> #a46a07

=== 2. text overflow (9 languages) ===
  checked zh_cn (简体中文)
  checked zh_tw (繁體中文)
  checked en_us (English)
  checked ja_jp (日本語)
  checked ko_kr (한국어)
  checked ru_ru (Русский)
  checked fr_fr (Français)
  checked es_es (Español)
  checked de_de (Deutsch)
text overflow problems: 0

=== 3. high DPI ===

summary: contrast failures = 0 | overflow = 0
{"contrast_failures": 0, "overflow": 0, "ok": true}
